<!DOCTYPE html><html lang="en" dir="ltr" class="client-nojs"><!-- Mirrored from en.cppreference.com/w/cpp/utility/expected/bad_expected_access by HTTrack Website Copier/3.x [XR&CO'2014], Wed, 29 Jan 2025 13:14:38 GMT --><!-- Added by HTTrack --><head><meta http-equiv="content-type" content="text/html;charset=UTF-8"><!-- /Added by HTTrack -->

<title>std::bad_expected_access</title>
<meta charset="UTF-8">
<meta name="generator" content="MediaWiki 1.21.2">







<meta name="ResourceLoaderDynamicStyles" content="">

<style>a:lang(ar),a:lang(ckb),a:lang(fa),a:lang(kk-arab),a:lang(mzn),a:lang(ps),a:lang(ur){text-decoration:none}#toc{display:none}.editsection{display:none}
/* cache key: mwiki1-mwiki_en_:resourceloader:filter:minify-css:7:472787eddcf4605d11de8c7ef047234f */</style>




<style type="text/css">/*<![CDATA[*/
.source-cpp {line-height: normal;}
.source-cpp li, .source-cpp pre {
	line-height: normal; border: 0px none white;
}
/**
 * GeSHi Dynamically Generated Stylesheet
 * --------------------------------------
 * Dynamically generated stylesheet for cpp
 * CSS class: source-cpp, CSS id: 
 * GeSHi (C) 2004 - 2007 Nigel McNie, 2007 - 2008 Benny Baumann
 * (http://qbnz.com/highlighter/ and http://geshi.org/)
 * --------------------------------------
 */
.cpp.source-cpp .de1, .cpp.source-cpp .de2 {font: normal normal 1em/1.2em monospace; margin:0; padding:0; background:none; vertical-align:top;}
.cpp.source-cpp  {font-family:monospace;}
.cpp.source-cpp .imp {font-weight: bold; color: red;}
.cpp.source-cpp li, .cpp.source-cpp .li1 {font-weight: normal; vertical-align:top;}
.cpp.source-cpp .ln {width:1px;text-align:right;margin:0;padding:0 2px;vertical-align:top;}
.cpp.source-cpp .li2 {font-weight: bold; vertical-align:top;}
.cpp.source-cpp .kw1 {color: #0000dd;}
.cpp.source-cpp .kw2 {color: #0000ff;}
.cpp.source-cpp .kw3 {color: #0000dd;}
.cpp.source-cpp .kw4 {color: #0000ff;}
.cpp.source-cpp .co1 {color: #909090;}
.cpp.source-cpp .co2 {color: #339900;}
.cpp.source-cpp .coMULTI {color: #ff0000; font-style: italic;}
.cpp.source-cpp .es0 {color: #008000; font-weight: bold;}
.cpp.source-cpp .es1 {color: #008000; font-weight: bold;}
.cpp.source-cpp .es2 {color: #008000; font-weight: bold;}
.cpp.source-cpp .es3 {color: #008000; font-weight: bold;}
.cpp.source-cpp .es4 {color: #008000; font-weight: bold;}
.cpp.source-cpp .es5 {color: #008000; font-weight: bold;}
.cpp.source-cpp .br0 {color: #008000;}
.cpp.source-cpp .sy0 {color: #008000;}
.cpp.source-cpp .sy1 {color: #000080;}
.cpp.source-cpp .sy2 {color: #000040;}
.cpp.source-cpp .sy3 {color: #000040;}
.cpp.source-cpp .sy4 {color: #008080;}
.cpp.source-cpp .st0 {color: #008000;}
.cpp.source-cpp .nu0 {color: #000080;}
.cpp.source-cpp .nu6 {color: #000080;}
.cpp.source-cpp .nu8 {color: #000080;}
.cpp.source-cpp .nu12 {color: #000080;}
.cpp.source-cpp .nu16 {color:#000080;}
.cpp.source-cpp .nu17 {color:#000080;}
.cpp.source-cpp .nu18 {color:#000080;}
.cpp.source-cpp .nu19 {color:#000080;}
.cpp.source-cpp .ln-xtra, .cpp.source-cpp li.ln-xtra, .cpp.source-cpp div.ln-xtra {background-color: #ffc;}
.cpp.source-cpp span.xtra { display:block; }

/*]]>*/
</style><!--[if lt IE 7]><style type="text/css">body{behavior:url("/mwiki/skins/cppreference2/csshover.min.htc")}</style><![endif]--></head>
<body class="mediawiki ltr sitedir-ltr ns-0 ns-subject page-cpp_utility_expected_bad_expected_access skin-cppreference2 action-view cpp-navbar">
        <!-- header -->
        
        <!-- /header -->
        <!-- content -->
<style type="text/css">
#carbonads {
  display: block;
  overflow: hidden;
  position: absolute;
  text-align: center;
  left: -170px;
  max-width: 150px;
  border-radius: 4px;
  border: solid 1px hsla(0, 0%, 0%, .1);
  background-color: hsl(0, 0%, 98%);
  font-size: 12px;
  font-family: -apple-system, BlinkMacSystemFont, "Segoe UI", Roboto, Oxygen-Sans, Ubuntu,
  Cantarell, "Helvetica Neue", Helvetica, Arial, sans-serif;
  line-height: 1.5;
}

#carbonads a {
  color: inherit;
  text-decoration: none;
}

#carbonads a:hover {
  color: inherit;
}

#carbonads span {
  position: relative;
  display: block;
  overflow: hidden;
}

.carbon-img {
  display: block;
  margin-bottom: 8px;
  max-width: 150px;
  line-height: 1;
}

.carbon-img img {
  display: block;
  margin: 0 auto;
  max-width: 150px !important;
  width: 150px;
  height: auto;
}

.carbon-text {
  display: block;
  padding: 0 1em 8px;
}

.carbon-poweredby {
  display: block;
  padding: 8px 12px;
  background: repeating-linear-gradient(-45deg, transparent, transparent 5px, hsla(0, 0%, 0%, .025) 5px, hsla(0, 0%, 0%, .025) 10px) hsla(203, 11%, 95%, .4);
  text-transform: uppercase;
  letter-spacing: .5px;
  font-weight: 600;
  font-size: 9px;
  line-height: 1;
}
html { font-variant-ligatures: no-common-ligatures; }
</style>
        <div id="cpp-content-base">
            <div id="content">
                <a id="top"></a>
                <div id="mw-js-message" style="display:none;"></div>
                                <!-- firstHeading -->
<script async type="text/javascript" src="http://cdn.carbonads.com/carbon.js?serve=CKYITK7M&amp;placement=cppreferencecom" id="_carbonads_js"></script>

<script async src="https://www.googletagmanager.com/gtag/js?id=G-8HW0LXMYCY"></script>
<script>
  window.dataLayer = window.dataLayer || [];
  function gtag(){dataLayer.push(arguments);}
  gtag('js', new Date());

  gtag('config', 'G-8HW0LXMYCY');
</script>
                <h1 id="firstHeading" class="firstHeading"><span style="font-size:0.7em; line-height:130%">std::</span>bad_expected_access</h1>
                <!-- /firstHeading -->
                <!-- bodyContent -->
                <div id="bodyContent">
                                        <!-- tagline -->
                    
                    <!-- /tagline -->
                                        <!-- subtitle -->
                    
                    <!-- /subtitle -->
                                                            <!-- bodycontent -->
                    <div id="mw-content-text" lang="en" dir="ltr" class="mw-content-ltr">
<table class="t-dcl-begin"><tbody>
<tr class="t-dsc-header">
<td> <div>Defined in header <code><a href="../../header/expected.html" title="cpp/header/expected">&lt;expected&gt;</a></code>
 </div></td>
<td></td>
<td></td>
</tr>
<tr class="t-dcl t-since-cxx23">
<td> <div><span class="mw-geshi cpp source-cpp"><span class="kw1">template</span><span class="sy1">&lt;</span> <span class="kw1">class</span> E <span class="sy1">&gt;</span><br>
<span class="kw1">class</span> bad_expected_access <span class="sy4">:</span> <span class="kw1">public</span> std<span class="sy4">::</span><span class="me2">bad_expected_access</span><span class="sy1">&lt;</span><span class="kw4">void</span><span class="sy1">&gt;</span></span></div></td>
<td> (1) </td>
<td> <span class="t-mark-rev t-since-cxx23">(since C++23)</span> </td>
</tr>
<tr class="t-dcl t-since-cxx23">
<td> <div><span class="mw-geshi cpp source-cpp"><span class="kw1">template</span><span class="sy1">&lt;&gt;</span><br>
<span class="kw1">class</span> bad_expected_access<span class="sy1">&lt;</span><span class="kw4">void</span><span class="sy1">&gt;</span> <span class="sy4">:</span> <span class="kw1">public</span> <a href="../../error/exception.html"><span class="kw768">std::<span class="me2">exception</span></span></a></span></div></td>
<td> (2) </td>
<td> <span class="t-mark-rev t-since-cxx23">(since C++23)</span> </td>
</tr>
<tr class="t-dcl-sep"><td></td><td></td><td></td></tr>
</tbody></table>
<div class="t-li1"><span class="t-li">1)</span> Defines a type of object to be thrown by <a href="value.html" title="cpp/utility/expected/value"><tt>std::expected::value</tt></a> when accessing an expected object that contains an unexpected value. <code>bad_expected_access&lt;E&gt;</code> stores a copy of the unexpected value.</div>
<div class="t-li1"><span class="t-li">2)</span> <code>bad_expected_access&lt;void&gt;</code> is the base class of all other <code>bad_expected_access</code> specializations.</div>
<table class="metadata plainlinks ambox mbox-small-left ambox-notice" style=""><tbody><tr><td class="mbox-empty-cell"></td><td class="mbox-text" style="">This section is incomplete<br>Reason: inheritance diagram </td></tr></tbody></table>
<table id="toc" class="toc"><tbody><tr><td><div id="toctitle"><h2>Contents</h2></div>
<ul>
<li class="toclevel-1 tocsection-1"><a href="#Members_of_the_primary_template"><span class="tocnumber">1</span> <span class="toctext">Members of the primary template</span></a></li>
<li class="toclevel-1"><a href="#std::bad_expected_access::bad_expected_access"><span class="tocnumber">2</span> <span class="toctext"><span>std::bad_expected_access::</span>bad_expected_access</span></a></li>
<li class="toclevel-1"><a href="#std::bad_expected_access::error"><span class="tocnumber">3</span> <span class="toctext"><span>std::bad_expected_access::</span>error</span></a></li>
<li class="toclevel-1"><a href="#std::bad_expected_access::what"><span class="tocnumber">4</span> <span class="toctext"><span>std::bad_expected_access::</span>what</span></a>
<ul>
<li class="toclevel-2"><a href="#Parameters"><span class="tocnumber">4.1</span> <span class="toctext">Parameters</span></a></li>
<li class="toclevel-2"><a href="#Return_value"><span class="tocnumber">4.2</span> <span class="toctext">Return value</span></a></li>
<li class="toclevel-2"><a href="#Notes"><span class="tocnumber">4.3</span> <span class="toctext">Notes</span></a></li>
<li class="toclevel-2 tocsection-5"><a href="#Members_of_the_bad_expected_access.3Cvoid.3E_specialization"><span class="tocnumber">4.4</span> <span class="toctext">Members of the bad_expected_access&lt;void&gt; specialization</span></a></li>
<li class="toclevel-2 tocsection-6"><a href="#Example"><span class="tocnumber">4.5</span> <span class="toctext">Example</span></a></li>
</ul>
</li>
</ul>
</td></tr></tbody></table>
<h3><span class="editsection">[<a href="https://en.cppreference.com/mwiki/index.php?title=cpp/utility/expected/bad_expected_access&amp;action=edit&amp;section=1" title="Edit section: Members of the primary template">edit</a>]</span> <span class="mw-headline" id="Members_of_the_primary_template">Members of the primary template</span></h3>
<table class="t-dsc-begin">

<tbody><tr class="t-dsc">
<td>  <div class="t-dsc-member-div t-dsc-member-nobold-div"><div><strong class="selflink"> <span class="t-lines"><span>(constructor)</span></span></strong></div></div>
</td>
<td>  constructs a <code>bad_expected_access</code> object <br> <span class="t-mark">(public member function)</span>
</td></tr>


<tr class="t-dsc">
<td>  <div class="t-dsc-member-div"><div><span class="t-lines"><span>error</span></span></div></div>
</td>
<td>   returns the stored value <br> <span class="t-mark">(public member function)</span>
</td></tr>


<tr class="t-dsc">
<td>  <div class="t-dsc-member-div"><div><span class="t-lines"><span>what</span></span></div></div>
</td>
<td>   returns the explanatory string <br> <span class="t-mark">(public member function)</span>
</td></tr>

</tbody></table>
<div class="t-member">
<h2> <span class="mw-headline" id="std::bad_expected_access::bad_expected_access"><span style="font-size:0.7em; line-height:130%">std::bad_expected_access::</span>bad_expected_access</span></h2>
<table class="t-dcl-begin"><tbody>
<tr class="t-dcl">
<td class="t-dcl-nopad"> <div><span class="mw-geshi cpp source-cpp"><span class="kw1">explicit</span> bad_expected_access<span class="br0">(</span> E e <span class="br0">)</span><span class="sy4">;</span></span></div></td>
<td class="t-dcl-nopad">  </td>
<td class="t-dcl-nopad">  </td>
</tr>
<tr class="t-dcl-sep"><td></td><td></td><td></td></tr>
</tbody></table>
<p>Constructs a new <code>bad_expected_access&lt;E&gt;</code> object. Initializes the stored value with <code>std::move(e)</code>.
</p>
</div>
<div class="t-member">
<h2> <span class="mw-headline" id="std::bad_expected_access::error"><span style="font-size:0.7em; line-height:130%">std::bad_expected_access::</span>error</span></h2>
<table class="t-dcl-begin"><tbody>
<tr class="t-dcl">
<td class="t-dcl-nopad"> <div><span class="mw-geshi cpp source-cpp"><span class="kw4">const</span> E<span class="sy3">&amp;</span> error<span class="br0">(</span><span class="br0">)</span> <span class="kw4">const</span> <span class="sy3">&amp;</span> <span class="kw1">noexcept</span><span class="sy4">;</span><br>
<p>E<span class="sy3">&amp;</span> error<span class="br0">(</span><span class="br0">)</span> <span class="sy3">&amp;</span> <span class="kw1">noexcept</span><span class="sy4">;</span><br>
<span class="kw4">const</span> E<span class="sy3">&amp;&amp;</span> error<span class="br0">(</span><span class="br0">)</span> <span class="kw4">const</span> <span class="sy3">&amp;&amp;</span> <span class="kw1">noexcept</span><span class="sy4">;</span><br>
</p>
E<span class="sy3">&amp;&amp;</span> error<span class="br0">(</span><span class="br0">)</span> <span class="sy3">&amp;&amp;</span> <span class="kw1">noexcept</span><span class="sy4">;</span></span></div></td>
<td class="t-dcl-nopad">  </td>
<td class="t-dcl-nopad">  </td>
</tr>
<tr class="t-dcl-sep"><td></td><td></td><td></td></tr>
</tbody></table>
<p>Returns a reference to the stored value.
</p>
</div>
<div class="t-member">
<h2> <span class="mw-headline" id="std::bad_expected_access::what"> <span style="font-size:0.7em; line-height:130%">std::bad_expected_access::</span>what </span></h2>
<table class="t-dcl-begin"><tbody>
<tr class="t-dcl">
<td class="t-dcl-nopad"> <div><span class="mw-geshi cpp source-cpp"><span class="kw4">const</span> <span class="kw4">char</span><span class="sy2">*</span> what<span class="br0">(</span><span class="br0">)</span> <span class="kw4">const</span> <span class="kw1">noexcept</span> override<span class="sy4">;</span></span></div></td>
<td class="t-dcl-nopad">  </td>
<td class="t-dcl-nopad">  </td>
</tr>
<tr class="t-dcl-sep"><td></td><td></td><td></td></tr>
</tbody></table>
<p>Returns the explanatory string.
</p>
<h3> <span class="mw-headline" id="Parameters">Parameters</span></h3>
<p>(none)
</p>
<h3> <span class="mw-headline" id="Return_value">Return value</span></h3>
<p>Pointer to a null-terminated string with explanatory information. The string is suitable for conversion and display as a <span class="t-lc"><a href="../../string/basic_string.html" title="cpp/string/basic string">std::wstring</a></span>. The pointer is guaranteed to be valid at least until the exception object from which it is obtained is destroyed, or until a non-const member function (e.g. copy assignment operator) on the exception object is called.
</p>
<h3> <span class="mw-headline" id="Notes">Notes</span></h3>
<p>Implementations are allowed but not required to override <code>what()</code>.
</p>
</div>
<h3><span class="editsection">[<a href="https://en.cppreference.com/mwiki/index.php?title=cpp/utility/expected/bad_expected_access&amp;action=edit&amp;section=5" title="Edit section: Members of the bad expected access<void> specialization">edit</a>]</span> <span class="mw-headline" id="Members_of_the_bad_expected_access.3Cvoid.3E_specialization">Members of the <code>bad_expected_access&lt;void&gt;</code> specialization</span></h3>
<table class="t-dsc-begin">

<tbody><tr class="t-dsc">
<td>  <div class="t-dsc-member-div t-dsc-member-nobold-div"><div><span class="t-lines"><span>(constructor)</span></span></div></div>
</td>
<td>  constructs a <code>bad_expected_access&lt;void&gt;</code> object <br> <span class="t-mark">(protected member function)</span>
</td></tr>


<tr class="t-dsc">
<td>  <div class="t-dsc-member-div t-dsc-member-nobold-div"><div><span class="t-lines"><span>(destructor)</span></span></div></div>
</td>
<td>  destroys the <code>bad_expected_access&lt;void&gt;</code> object <br> <span class="t-mark">(protected member function)</span>
</td></tr>


<tr class="t-dsc">
<td>  <div class="t-dsc-member-div"><div><span class="t-lines"><span>operator=</span></span></div></div>
</td>
<td>   replaces the <code>bad_expected_access&lt;void&gt;</code> object <br> <span class="t-mark">(protected member function)</span>
</td></tr>


<tr class="t-dsc">
<td>  <div class="t-dsc-member-div"><div><span class="t-lines"><span>what</span></span></div></div>
</td>
<td>   returns the explanatory string <br> <span class="t-mark">(public member function)</span>
</td></tr>

</tbody></table>
<p>Special member functions of <code>bad_expected_access&lt;void&gt;</code> are protected. They can only be called by derived classes.
</p>
<h3><span class="editsection">[<a href="https://en.cppreference.com/mwiki/index.php?title=cpp/utility/expected/bad_expected_access&amp;action=edit&amp;section=6" title="Edit section: Example">edit</a>]</span> <span class="mw-headline" id="Example">Example</span></h3>
<table class="metadata plainlinks ambox mbox-small-left ambox-notice" style=""><tbody><tr><td class="mbox-empty-cell"></td><td class="mbox-text" style="">This section is incomplete<br>Reason: no example </td></tr></tbody></table>

<!-- 
NewPP limit report
Preprocessor visited node count: 8288/1000000
Preprocessor generated node count: 14847/1000000
Post‐expand include size: 217585/4194304 bytes
Template argument size: 43317/4194304 bytes
Highest expansion depth: 19/40
Expensive parser function count: 0/100
-->

<!-- Saved in parser cache with key mwiki1-mwiki_en_:pcache:idhash:21141-0!*!0!!en!*!* and timestamp 20250128202455 -->
</div>                    <!-- /bodycontent -->
                                        <!-- printfooter -->
                    <div class="printfooter">
                    Retrieved from "<a href="https://en.cppreference.com/mwiki/index.php?title=cpp/utility/expected/bad_expected_access&amp;oldid=179914">https://en.cppreference.com/mwiki/index.php?title=cpp/utility/expected/bad_expected_access&amp;oldid=179914</a>"                    </div>
                    <!-- /printfooter -->
                                                            <!-- catlinks -->
                    <div id="catlinks" class="catlinks"><div id="mw-normal-catlinks" class="mw-normal-catlinks"><a href="https://en.cppreference.com/w/Special:Categories" title="Special:Categories">Categories</a>: <ul><li><a href="https://en.cppreference.com/w/Category:Todo_with_reason" title="Category:Todo with reason">Todo with reason</a></li><li><a href="https://en.cppreference.com/w/Category:Todo_no_example" title="Category:Todo no example">Todo no example</a></li></ul></div></div>                    <!-- /catlinks -->
                                                            <div class="visualClear"></div>
                    <!-- debughtml -->
                                        <!-- /debughtml -->
                </div>
                <!-- /bodyContent -->
            </div>
        </div>
        <!-- /content -->
        <!-- footer -->
        
        <!-- /footer -->
        <script>if(window.mw){
mw.loader.state({"site":"loading","user":"missing","user.groups":"ready"});
}</script>
<script src="https://en.cppreference.com/mwiki/load.php?debug=false&amp;lang=en&amp;modules=skins.cppreference2&amp;only=scripts&amp;skin=cppreference2&amp;*"></script>
<script>if(window.mw){
mw.loader.load(["mediawiki.action.view.postEdit","mediawiki.user","mediawiki.page.ready","mediawiki.searchSuggest","mediawiki.hidpi","ext.gadget.ColiruCompiler","ext.gadget.StandardRevisions","ext.gadget.MathJax"], null, true);
}</script>
<script src="https://en.cppreference.com/mwiki/load.php?debug=false&amp;lang=en&amp;modules=site&amp;only=scripts&amp;skin=cppreference2&amp;*"></script>
<!-- Served in 0.035 secs. -->
	




</body><!-- Cached 20250128204932 --><!-- Mirrored from en.cppreference.com/w/cpp/utility/expected/bad_expected_access by HTTrack Website Copier/3.x [XR&CO'2014], Wed, 29 Jan 2025 13:14:38 GMT --></html>