<!DOCTYPE html><html lang="en" dir="ltr" class="client-nojs"><!-- Mirrored from en.cppreference.com/w/cpp/utility/expected/transform_error by HTTrack Website Copier/3.x [XR&CO'2014], Wed, 29 Jan 2025 13:18:10 GMT --><!-- Added by HTTrack --><head><meta http-equiv="content-type" content="text/html;charset=UTF-8"><!-- /Added by HTTrack -->

<title>std::expected&lt;T,E&gt;::transform_error</title>
<meta charset="UTF-8">
<meta name="generator" content="MediaWiki 1.21.2">







<meta name="ResourceLoaderDynamicStyles" content="">

<style>a:lang(ar),a:lang(ckb),a:lang(fa),a:lang(kk-arab),a:lang(mzn),a:lang(ps),a:lang(ur){text-decoration:none}#toc{display:none}.editsection{display:none}
/* cache key: mwiki1-mwiki_en_:resourceloader:filter:minify-css:7:472787eddcf4605d11de8c7ef047234f */</style>




<style type="text/css">/*<![CDATA[*/
.source-cpp {line-height: normal;}
.source-cpp li, .source-cpp pre {
	line-height: normal; border: 0px none white;
}
/**
 * GeSHi Dynamically Generated Stylesheet
 * --------------------------------------
 * Dynamically generated stylesheet for cpp
 * CSS class: source-cpp, CSS id: 
 * GeSHi (C) 2004 - 2007 Nigel McNie, 2007 - 2008 Benny Baumann
 * (http://qbnz.com/highlighter/ and http://geshi.org/)
 * --------------------------------------
 */
.cpp.source-cpp .de1, .cpp.source-cpp .de2 {font: normal normal 1em/1.2em monospace; margin:0; padding:0; background:none; vertical-align:top;}
.cpp.source-cpp  {font-family:monospace;}
.cpp.source-cpp .imp {font-weight: bold; color: red;}
.cpp.source-cpp li, .cpp.source-cpp .li1 {font-weight: normal; vertical-align:top;}
.cpp.source-cpp .ln {width:1px;text-align:right;margin:0;padding:0 2px;vertical-align:top;}
.cpp.source-cpp .li2 {font-weight: bold; vertical-align:top;}
.cpp.source-cpp .kw1 {color: #0000dd;}
.cpp.source-cpp .kw2 {color: #0000ff;}
.cpp.source-cpp .kw3 {color: #0000dd;}
.cpp.source-cpp .kw4 {color: #0000ff;}
.cpp.source-cpp .co1 {color: #909090;}
.cpp.source-cpp .co2 {color: #339900;}
.cpp.source-cpp .coMULTI {color: #ff0000; font-style: italic;}
.cpp.source-cpp .es0 {color: #008000; font-weight: bold;}
.cpp.source-cpp .es1 {color: #008000; font-weight: bold;}
.cpp.source-cpp .es2 {color: #008000; font-weight: bold;}
.cpp.source-cpp .es3 {color: #008000; font-weight: bold;}
.cpp.source-cpp .es4 {color: #008000; font-weight: bold;}
.cpp.source-cpp .es5 {color: #008000; font-weight: bold;}
.cpp.source-cpp .br0 {color: #008000;}
.cpp.source-cpp .sy0 {color: #008000;}
.cpp.source-cpp .sy1 {color: #000080;}
.cpp.source-cpp .sy2 {color: #000040;}
.cpp.source-cpp .sy3 {color: #000040;}
.cpp.source-cpp .sy4 {color: #008080;}
.cpp.source-cpp .st0 {color: #008000;}
.cpp.source-cpp .nu0 {color: #000080;}
.cpp.source-cpp .nu6 {color: #000080;}
.cpp.source-cpp .nu8 {color: #000080;}
.cpp.source-cpp .nu12 {color: #000080;}
.cpp.source-cpp .nu16 {color:#000080;}
.cpp.source-cpp .nu17 {color:#000080;}
.cpp.source-cpp .nu18 {color:#000080;}
.cpp.source-cpp .nu19 {color:#000080;}
.cpp.source-cpp .ln-xtra, .cpp.source-cpp li.ln-xtra, .cpp.source-cpp div.ln-xtra {background-color: #ffc;}
.cpp.source-cpp span.xtra { display:block; }

/*]]>*/
</style><!--[if lt IE 7]><style type="text/css">body{behavior:url("/mwiki/skins/cppreference2/csshover.min.htc")}</style><![endif]--></head>
<body class="mediawiki ltr sitedir-ltr ns-0 ns-subject page-cpp_utility_expected_transform_error skin-cppreference2 action-view cpp-navbar">
        <!-- header -->
        
        <!-- /header -->
        <!-- content -->
<style type="text/css">
#carbonads {
  display: block;
  overflow: hidden;
  position: absolute;
  text-align: center;
  left: -170px;
  max-width: 150px;
  border-radius: 4px;
  border: solid 1px hsla(0, 0%, 0%, .1);
  background-color: hsl(0, 0%, 98%);
  font-size: 12px;
  font-family: -apple-system, BlinkMacSystemFont, "Segoe UI", Roboto, Oxygen-Sans, Ubuntu,
  Cantarell, "Helvetica Neue", Helvetica, Arial, sans-serif;
  line-height: 1.5;
}

#carbonads a {
  color: inherit;
  text-decoration: none;
}

#carbonads a:hover {
  color: inherit;
}

#carbonads span {
  position: relative;
  display: block;
  overflow: hidden;
}

.carbon-img {
  display: block;
  margin-bottom: 8px;
  max-width: 150px;
  line-height: 1;
}

.carbon-img img {
  display: block;
  margin: 0 auto;
  max-width: 150px !important;
  width: 150px;
  height: auto;
}

.carbon-text {
  display: block;
  padding: 0 1em 8px;
}

.carbon-poweredby {
  display: block;
  padding: 8px 12px;
  background: repeating-linear-gradient(-45deg, transparent, transparent 5px, hsla(0, 0%, 0%, .025) 5px, hsla(0, 0%, 0%, .025) 10px) hsla(203, 11%, 95%, .4);
  text-transform: uppercase;
  letter-spacing: .5px;
  font-weight: 600;
  font-size: 9px;
  line-height: 1;
}
html { font-variant-ligatures: no-common-ligatures; }
</style>
        <div id="cpp-content-base">
            <div id="content">
                <a id="top"></a>
                <div id="mw-js-message" style="display:none;"></div>
                                <!-- firstHeading -->
<script async type="text/javascript" src="http://cdn.carbonads.com/carbon.js?serve=CKYITK7M&amp;placement=cppreferencecom" id="_carbonads_js"></script>

<script async src="https://www.googletagmanager.com/gtag/js?id=G-8HW0LXMYCY"></script>
<script>
  window.dataLayer = window.dataLayer || [];
  function gtag(){dataLayer.push(arguments);}
  gtag('js', new Date());

  gtag('config', 'G-8HW0LXMYCY');
</script>
                <h1 id="firstHeading" class="firstHeading"><span style="font-size:0.7em; line-height:130%">std::expected&lt;T,E&gt;::</span>transform_error</h1>
                <!-- /firstHeading -->
                <!-- bodyContent -->
                <div id="bodyContent">
                                        <!-- tagline -->
                    
                    <!-- /tagline -->
                                        <!-- subtitle -->
                    
                    <!-- /subtitle -->
                                                            <!-- bodycontent -->
                    <div id="mw-content-text" lang="en" dir="ltr" class="mw-content-ltr">
<table class="t-dcl-begin"><tbody>
<tr class="t-dcl-h">
<td> <div>Primary template</div></td>
<td></td>
<td></td>
</tr>
<tr class="t-dcl t-since-cxx23">
<td><div><span id="Version_1"></span><span class="mw-geshi cpp source-cpp"><span class="kw1">template</span><span class="sy1">&lt;</span> <span class="kw1">class</span> F <span class="sy1">&gt;</span><br>
<span class="kw4">constexpr</span> <span class="kw4">auto</span> transform_error<span class="br0">(</span> F<span class="sy3">&amp;&amp;</span> f <span class="br0">)</span> <span class="sy3">&amp;</span><span class="sy4">;</span></span></div></td>
<td> (1)</td>
<td><span class="t-mark-rev t-since-cxx23">(since C++23)</span></td>
</tr>
<tr class="t-dcl t-since-cxx23">
<td><div><span id="Version_2"></span><span class="mw-geshi cpp source-cpp"><span class="kw1">template</span><span class="sy1">&lt;</span> <span class="kw1">class</span> F <span class="sy1">&gt;</span><br>
<span class="kw4">constexpr</span> <span class="kw4">auto</span> transform_error<span class="br0">(</span> F<span class="sy3">&amp;&amp;</span> f <span class="br0">)</span> <span class="kw4">const</span><span class="sy3">&amp;</span><span class="sy4">;</span></span></div></td>
<td> (2)</td>
<td><span class="t-mark-rev t-since-cxx23">(since C++23)</span></td>
</tr>
<tr class="t-dcl t-since-cxx23">
<td><div><span id="Version_3"></span><span class="mw-geshi cpp source-cpp"><span class="kw1">template</span><span class="sy1">&lt;</span> <span class="kw1">class</span> F <span class="sy1">&gt;</span><br>
<span class="kw4">constexpr</span> <span class="kw4">auto</span> transform_error<span class="br0">(</span> F<span class="sy3">&amp;&amp;</span> f <span class="br0">)</span> <span class="sy3">&amp;&amp;</span><span class="sy4">;</span></span></div></td>
<td> (3)</td>
<td><span class="t-mark-rev t-since-cxx23">(since C++23)</span></td>
</tr>
<tr class="t-dcl t-since-cxx23">
<td><div><span id="Version_4"></span><span class="mw-geshi cpp source-cpp"><span class="kw1">template</span><span class="sy1">&lt;</span> <span class="kw1">class</span> F <span class="sy1">&gt;</span><br>
<span class="kw4">constexpr</span> <span class="kw4">auto</span> transform_error<span class="br0">(</span> F<span class="sy3">&amp;&amp;</span> f <span class="br0">)</span> <span class="kw4">const</span><span class="sy3">&amp;&amp;</span><span class="sy4">;</span></span></div></td>
<td> (4)</td>
<td><span class="t-mark-rev t-since-cxx23">(since C++23)</span></td>
</tr>
<tr class="t-dcl-h">
<td> <div><span class="mw-geshi cpp source-cpp"><span class="kw4">void</span></span> partial specialization</div></td>
<td></td>
<td></td>
</tr>
<tr class="t-dcl t-since-cxx23">
<td><div><span id="Version_5"></span><span class="mw-geshi cpp source-cpp"><span class="kw1">template</span><span class="sy1">&lt;</span> <span class="kw1">class</span> F <span class="sy1">&gt;</span><br>
<span class="kw4">constexpr</span> <span class="kw4">auto</span> transform_error<span class="br0">(</span> F<span class="sy3">&amp;&amp;</span> f <span class="br0">)</span> <span class="sy3">&amp;</span><span class="sy4">;</span></span></div></td>
<td> (5)</td>
<td><span class="t-mark-rev t-since-cxx23">(since C++23)</span></td>
</tr>
<tr class="t-dcl t-since-cxx23">
<td><div><span id="Version_6"></span><span class="mw-geshi cpp source-cpp"><span class="kw1">template</span><span class="sy1">&lt;</span> <span class="kw1">class</span> F <span class="sy1">&gt;</span><br>
<span class="kw4">constexpr</span> <span class="kw4">auto</span> transform_error<span class="br0">(</span> F<span class="sy3">&amp;&amp;</span> f <span class="br0">)</span> <span class="kw4">const</span><span class="sy3">&amp;</span><span class="sy4">;</span></span></div></td>
<td> (6)</td>
<td><span class="t-mark-rev t-since-cxx23">(since C++23)</span></td>
</tr>
<tr class="t-dcl t-since-cxx23">
<td><div><span id="Version_7"></span><span class="mw-geshi cpp source-cpp"><span class="kw1">template</span><span class="sy1">&lt;</span> <span class="kw1">class</span> F <span class="sy1">&gt;</span><br>
<span class="kw4">constexpr</span> <span class="kw4">auto</span> transform_error<span class="br0">(</span> F<span class="sy3">&amp;&amp;</span> f <span class="br0">)</span> <span class="sy3">&amp;&amp;</span><span class="sy4">;</span></span></div></td>
<td> (7)</td>
<td><span class="t-mark-rev t-since-cxx23">(since C++23)</span></td>
</tr>
<tr class="t-dcl t-since-cxx23">
<td><div><span id="Version_8"></span><span class="mw-geshi cpp source-cpp"><span class="kw1">template</span><span class="sy1">&lt;</span> <span class="kw1">class</span> F <span class="sy1">&gt;</span><br>
<span class="kw4">constexpr</span> <span class="kw4">auto</span> transform_error<span class="br0">(</span> F<span class="sy3">&amp;&amp;</span> f <span class="br0">)</span> <span class="kw4">const</span><span class="sy3">&amp;&amp;</span><span class="sy4">;</span></span></div></td>
<td> (8)</td>
<td><span class="t-mark-rev t-since-cxx23">(since C++23)</span></td>
</tr>
<tr class="t-dcl-sep"><td></td><td></td><td></td></tr>
</tbody></table>
<p>If <span class="t-c"><span class="mw-geshi cpp source-cpp"><span class="sy2">*</span>this</span></span> contains an unexpected value, invokes <span class="t-c"><span class="mw-geshi cpp source-cpp">f</span></span> with the unexpected value of <span class="t-c"><span class="mw-geshi cpp source-cpp"><span class="sy2">*</span>this</span></span> as the argument and returns a <code>std::expected</code> object that contains an unexpected value, which is initialized with the result of <span class="t-c"><span class="mw-geshi cpp source-cpp">f</span></span>. Otherwise, returns a <code>std::expected</code> object that represents an expected value.
</p>
<div class="t-li1"><span class="t-li">1-4)</span> The expected value is initialized with the expected value <a href="../expected.html#Data_members" title="cpp/utility/expected"><code><i>val</i></code></a> of <span class="t-c"><span class="mw-geshi cpp source-cpp"><span class="sy2">*</span>this</span></span>.</div>
<p>Given type <code>G</code> as:
</p>
<div class="t-li1"><span class="t-li">1,2)</span> <span class="mw-geshi cpp source-cpp"><a href="../../types/remove_cv.html"><span class="kw602">std::<span class="me2">remove_cv_t</span></span></a><span class="sy1">&lt;</span><a href="../../types/result_of.html"><span class="kw3240">std::<span class="me2">invoke_result_t</span></span></a><span class="sy1">&lt;</span>F, decltype<span class="br0">(</span>error<span class="br0">(</span><span class="br0">)</span><span class="br0">)</span><span class="sy1">&gt;&gt;</span></span></div>
<div class="t-li1"><span class="t-li">3,4)</span> <span class="mw-geshi cpp source-cpp"><a href="../../types/remove_cv.html"><span class="kw602">std::<span class="me2">remove_cv_t</span></span></a><span class="sy1">&lt;</span><a href="../../types/result_of.html"><span class="kw3240">std::<span class="me2">invoke_result_t</span></span></a><span class="sy1">&lt;</span>F, decltype<span class="br0">(</span>std<span class="sy4">::</span><span class="me2">move</span><span class="br0">(</span>error<span class="br0">(</span><span class="br0">)</span><span class="br0">)</span><span class="br0">)</span><span class="sy1">&gt;&gt;</span></span></div>
<div class="t-li1"><span class="t-li">5,6)</span> <span class="mw-geshi cpp source-cpp"><a href="../../types/remove_cv.html"><span class="kw602">std::<span class="me2">remove_cv_t</span></span></a><span class="sy1">&lt;</span><a href="../../types/result_of.html"><span class="kw3240">std::<span class="me2">invoke_result_t</span></span></a><span class="sy1">&lt;</span>F, decltype<span class="br0">(</span>error<span class="br0">(</span><span class="br0">)</span><span class="br0">)</span><span class="sy1">&gt;&gt;</span></span></div>
<div class="t-li1"><span class="t-li">7,8)</span> <span class="mw-geshi cpp source-cpp"><a href="../../types/remove_cv.html"><span class="kw602">std::<span class="me2">remove_cv_t</span></span></a><span class="sy1">&lt;</span><a href="../../types/result_of.html"><span class="kw3240">std::<span class="me2">invoke_result_t</span></span></a><span class="sy1">&lt;</span>F, decltype<span class="br0">(</span>std<span class="sy4">::</span><span class="me2">move</span><span class="br0">(</span>error<span class="br0">(</span><span class="br0">)</span><span class="br0">)</span><span class="br0">)</span><span class="sy1">&gt;&gt;</span></span></div>
<p>If any of the following conditions is satisfied, the program is ill-formed:
</p>
<ul><li> <code>G</code> is not a valid template argument for <a href="unexpected.html" title="cpp/utility/expected/unexpected"><code>std::unexpected</code></a>.
</li><li> The following corresponding declaration is ill-formed:
</li></ul>
<div class="t-li2"><span class="t-li">1,2)</span> <span class="t-c"><span class="mw-geshi cpp source-cpp">G g<span class="br0">(</span><a href="../functional/invoke.html"><span class="kw1065">std::<span class="me2">invoke</span></span></a><span class="br0">(</span><a href="../forward.html"><span class="kw1125">std::<span class="me2">forward</span></span></a><span class="sy1">&lt;</span>F<span class="sy1">&gt;</span><span class="br0">(</span>f<span class="br0">)</span>, error<span class="br0">(</span><span class="br0">)</span><span class="br0">)</span><span class="br0">)</span><span class="sy4">;</span></span></span></div>
<div class="t-li2"><span class="t-li">3,4)</span> <span class="t-c"><span class="mw-geshi cpp source-cpp">G g<span class="br0">(</span><a href="../functional/invoke.html"><span class="kw1065">std::<span class="me2">invoke</span></span></a><span class="br0">(</span><a href="../forward.html"><span class="kw1125">std::<span class="me2">forward</span></span></a><span class="sy1">&lt;</span>F<span class="sy1">&gt;</span><span class="br0">(</span>f<span class="br0">)</span>, std<span class="sy4">::</span><span class="me2">move</span><span class="br0">(</span>error<span class="br0">(</span><span class="br0">)</span><span class="br0">)</span><span class="br0">)</span><span class="sy4">;</span></span></span></div>
<div class="t-li2"><span class="t-li">5,6)</span> <span class="t-c"><span class="mw-geshi cpp source-cpp">G g<span class="br0">(</span><a href="../functional/invoke.html"><span class="kw1065">std::<span class="me2">invoke</span></span></a><span class="br0">(</span><a href="../forward.html"><span class="kw1125">std::<span class="me2">forward</span></span></a><span class="sy1">&lt;</span>F<span class="sy1">&gt;</span><span class="br0">(</span>f<span class="br0">)</span>, error<span class="br0">(</span><span class="br0">)</span><span class="br0">)</span><span class="br0">)</span><span class="sy4">;</span></span></span></div>
<div class="t-li2"><span class="t-li">7,8)</span> <span class="t-c"><span class="mw-geshi cpp source-cpp">G g<span class="br0">(</span><a href="../functional/invoke.html"><span class="kw1065">std::<span class="me2">invoke</span></span></a><span class="br0">(</span><a href="../forward.html"><span class="kw1125">std::<span class="me2">forward</span></span></a><span class="sy1">&lt;</span>F<span class="sy1">&gt;</span><span class="br0">(</span>f<span class="br0">)</span>, std<span class="sy4">::</span><span class="me2">move</span><span class="br0">(</span>error<span class="br0">(</span><span class="br0">)</span><span class="br0">)</span><span class="br0">)</span><span class="sy4">;</span></span></span></div>
<p><br>
</p>
<div class="t-li1"><span class="t-li">1,2)</span> This overload participates in overload resolution only if <span class="t-c"><span class="mw-geshi cpp source-cpp"><a href="../../types/is_constructible.html"><span class="kw528">std::<span class="me2">is_constructible_v</span></span></a><span class="sy1">&lt;</span>T, decltype<span class="br0">(</span><span class="br0">(</span></span><code><i>val</i></code><span class="mw-geshi cpp source-cpp"><span class="br0">)</span><span class="br0">)</span><span class="sy1">&gt;</span></span></span> is <span class="t-c"><span class="mw-geshi cpp source-cpp"><span class="kw2">true</span></span></span>.</div>
<div class="t-li1"><span class="t-li">3,4)</span> This overload participates in overload resolution only if <span class="t-c"><span class="mw-geshi cpp source-cpp"><a href="../../types/is_constructible.html"><span class="kw528">std::<span class="me2">is_constructible_v</span></span></a><span class="sy1">&lt;</span>T, decltype<span class="br0">(</span>std<span class="sy4">::</span><span class="me2">move</span><span class="br0">(</span></span><code><i>val</i></code><span class="mw-geshi cpp source-cpp"><span class="br0">)</span><span class="br0">)</span><span class="sy1">&gt;</span></span></span> is <span class="t-c"><span class="mw-geshi cpp source-cpp"><span class="kw2">true</span></span></span>.</div>
<table id="toc" class="toc"><tbody><tr><td><div id="toctitle"><h2>Contents</h2></div>
<ul>
<li class="toclevel-1 tocsection-1"><a href="#Parameters"><span class="tocnumber">1</span> <span class="toctext">Parameters</span></a></li>
<li class="toclevel-1 tocsection-2"><a href="#Return_value"><span class="tocnumber">2</span> <span class="toctext">Return value</span></a></li>
<li class="toclevel-1 tocsection-3"><a href="#Example"><span class="tocnumber">3</span> <span class="toctext">Example</span></a></li>
<li class="toclevel-1 tocsection-4"><a href="#Defect_reports"><span class="tocnumber">4</span> <span class="toctext">Defect reports</span></a></li>
<li class="toclevel-1 tocsection-5"><a href="#See_also"><span class="tocnumber">5</span> <span class="toctext">See also</span></a></li>
</ul>
</td></tr></tbody></table>
<h3><span class="editsection">[<a href="https://en.cppreference.com/mwiki/index.php?title=cpp/utility/expected/transform_error&amp;action=edit&amp;section=1" title="Edit section: Parameters">edit</a>]</span> <span class="mw-headline" id="Parameters">Parameters</span></h3>
<table class="t-par-begin">


<tbody><tr class="t-par">
<td> f
</td>
<td> -
</td>
<td> a suitable function or <a href="../../named_req/Callable.html" title="cpp/named req/Callable"><span style="font-family: Georgia, 'DejaVu Serif', serif; font-style:italic">Callable</span></a> object whose call signature returns a non-reference type
</td></tr></tbody></table>
<h3><span class="editsection">[<a href="https://en.cppreference.com/mwiki/index.php?title=cpp/utility/expected/transform_error&amp;action=edit&amp;section=2" title="Edit section: Return value">edit</a>]</span> <span class="mw-headline" id="Return_value">Return value</span></h3>
<p>Given expression <span class="t-c"><span class="mw-geshi cpp source-cpp">expr</span></span> as:
</p>
<div class="t-li1"><span class="t-li">1,2)</span> <span class="t-c"><span class="mw-geshi cpp source-cpp"><a href="../functional/invoke.html"><span class="kw1065">std::<span class="me2">invoke</span></span></a><span class="br0">(</span><a href="../forward.html"><span class="kw1125">std::<span class="me2">forward</span></span></a><span class="sy1">&lt;</span>F<span class="sy1">&gt;</span><span class="br0">(</span>f<span class="br0">)</span>, error<span class="br0">(</span><span class="br0">)</span><span class="br0">)</span></span></span></div>
<div class="t-li1"><span class="t-li">3,4)</span> <span class="t-c"><span class="mw-geshi cpp source-cpp"><a href="../functional/invoke.html"><span class="kw1065">std::<span class="me2">invoke</span></span></a><span class="br0">(</span><a href="../forward.html"><span class="kw1125">std::<span class="me2">forward</span></span></a><span class="sy1">&lt;</span>F<span class="sy1">&gt;</span><span class="br0">(</span>f<span class="br0">)</span>, std<span class="sy4">::</span><span class="me2">move</span><span class="br0">(</span>error<span class="br0">(</span><span class="br0">)</span><span class="br0">)</span><span class="br0">)</span></span></span></div>
<div class="t-li1"><span class="t-li">5,6)</span> <span class="t-c"><span class="mw-geshi cpp source-cpp"><a href="../functional/invoke.html"><span class="kw1065">std::<span class="me2">invoke</span></span></a><span class="br0">(</span><a href="../forward.html"><span class="kw1125">std::<span class="me2">forward</span></span></a><span class="sy1">&lt;</span>F<span class="sy1">&gt;</span><span class="br0">(</span>f<span class="br0">)</span>, error<span class="br0">(</span><span class="br0">)</span><span class="br0">)</span></span></span></div>
<div class="t-li1"><span class="t-li">7,8)</span> <span class="t-c"><span class="mw-geshi cpp source-cpp"><a href="../functional/invoke.html"><span class="kw1065">std::<span class="me2">invoke</span></span></a><span class="br0">(</span><a href="../forward.html"><span class="kw1125">std::<span class="me2">forward</span></span></a><span class="sy1">&lt;</span>F<span class="sy1">&gt;</span><span class="br0">(</span>f<span class="br0">)</span>, std<span class="sy4">::</span><span class="me2">move</span><span class="br0">(</span>error<span class="br0">(</span><span class="br0">)</span><span class="br0">)</span><span class="br0">)</span></span></span></div>
<p>The return values are defined as follows:
</p>
<table class="wikitable">
<tbody><tr>
<th rowspan="2">&nbsp;Overload&nbsp;
</th>
<th colspan="2">Value of <a href="operator_bool.html" title="cpp/utility/expected/operator bool"><code>has_value()</code></a>
</th></tr>
<tr>
<th style="font-weight: normal;"><span class="t-c"><span class="mw-geshi cpp source-cpp"><span class="kw2">true</span></span></span>
</th>
<th style="font-weight: normal;"><span class="t-c"><span class="mw-geshi cpp source-cpp"><span class="kw2">false</span></span></span>
</th></tr>
<tr>
<td style="text-align: center;"><span class="t-v">(<a href="#Version_1">1,2</a>)</span>
</td>
<td><span class="t-c"><span class="mw-geshi cpp source-cpp"><a href="../expected.html"><span class="kw3636">std::<span class="me2">expected</span></span></a><span class="sy1">&lt;</span>T, G<span class="sy1">&gt;</span><span class="br0">(</span><a href="../in_place.html"><span class="kw1087">std::<span class="me2">in_place</span></span></a>,</span><code>&nbsp;</code><code><i>val</i></code><span class="mw-geshi cpp source-cpp"><span class="br0">)</span></span></span>
</td>
<td rowspan="4"><span class="t-c"><span class="mw-geshi cpp source-cpp"><a href="../expected.html"><span class="kw3636">std::<span class="me2">expected</span></span></a><span class="sy1">&lt;</span>T, G<span class="sy1">&gt;</span></span><br><span class="mw-geshi cpp source-cpp">&nbsp; &nbsp; <span class="br0">(</span><a href="unexpect_t.html"><span class="kw3641">std::<span class="me2">unexpect</span></span></a>, expr<span class="br0">)</span></span></span>
</td></tr>
<tr>
<td style="text-align: center;"><span class="t-v">(<a href="#Version_3">3,4</a>)</span>
</td>
<td><span class="t-c"><span class="mw-geshi cpp source-cpp"><a href="../expected.html"><span class="kw3636">std::<span class="me2">expected</span></span></a><span class="sy1">&lt;</span>T, G<span class="sy1">&gt;</span><span class="br0">(</span><a href="../in_place.html"><span class="kw1087">std::<span class="me2">in_place</span></span></a>, std<span class="sy4">::</span><span class="me2">move</span><span class="br0">(</span></span><code><i>val</i></code><span class="mw-geshi cpp source-cpp"><span class="br0">)</span><span class="br0">)</span></span></span>
</td></tr>
<tr>
<td style="text-align: center;"><span class="t-v">(<a href="#Version_5">5,6</a>)</span>
</td>
<td rowspan="2"><span class="t-c"><span class="mw-geshi cpp source-cpp"><a href="../expected.html"><span class="kw3636">std::<span class="me2">expected</span></span></a><span class="sy1">&lt;</span>T, G<span class="sy1">&gt;</span><span class="br0">(</span><span class="br0">)</span></span></span>
</td></tr>
<tr>
<td style="text-align: center;"><span class="t-v">(<a href="#Version_7">7,8</a>)</span>
</td></tr></tbody></table>
<h3><span class="editsection">[<a href="https://en.cppreference.com/mwiki/index.php?title=cpp/utility/expected/transform_error&amp;action=edit&amp;section=3" title="Edit section: Example">edit</a>]</span> <span class="mw-headline" id="Example">Example</span></h3>
<table class="metadata plainlinks ambox mbox-small-left ambox-notice" style=""><tbody><tr><td class="mbox-empty-cell"></td><td class="mbox-text" style="">This section is incomplete<br>Reason: no example </td></tr></tbody></table>
<h3><span class="editsection">[<a href="https://en.cppreference.com/mwiki/index.php?title=cpp/utility/expected/transform_error&amp;action=edit&amp;section=4" title="Edit section: Defect reports">edit</a>]</span> <span class="mw-headline" id="Defect_reports">Defect reports</span></h3>
<p>The following behavior-changing defect reports were applied retroactively to previously published C++ standards.
</p>
<table class="dsctable" style="font-size:0.8em">
<tbody><tr>
<th>DR
</th>
<th>Applied to
</th>
<th>Behavior as published
</th>
<th>Correct behavior
</th></tr>
<tr>
<td><a rel="nofollow" class="external text" href="https://cplusplus.github.io/LWG/issue3938">LWG 3938</a>
</td>
<td>C++23
</td>
<td>the expected value was obtained by <span class="t-c"><span class="mw-geshi cpp source-cpp">value<span class="br0">(</span><span class="br0">)</span></span></span><sup id="cite_ref-1" class="reference"><a href="#cite_note-1">[1]</a></sup>
</td>
<td>changed to <span class="t-c"><span class="mw-geshi cpp source-cpp"><span class="sy2">**</span>this</span></span>
</td></tr>
<tr>
<td><a rel="nofollow" class="external text" href="https://cplusplus.github.io/LWG/issue3973">LWG 3973</a>
</td>
<td>C++23
</td>
<td>the expected value was obtained by <span class="t-c"><span class="mw-geshi cpp source-cpp"><span class="sy2">**</span>this</span></span><sup id="cite_ref-2" class="reference"><a href="#cite_note-2">[2]</a></sup>
</td>
<td>changed to <span class="t-c"><a href="../expected.html#Data_members" title="cpp/utility/expected"><code><i>val</i></code></a></span>
</td></tr></tbody></table>
<ol class="references">
<li id="cite_note-1"><span class="mw-cite-backlink"><a href="#cite_ref-1">↑</a></span> <span class="reference-text"><a href="value.html" title="cpp/utility/expected/value"><code>value()</code></a> requires <code>E</code> to be copy constructible (see <a rel="nofollow" class="external text" href="https://cplusplus.github.io/LWG/issue3843">LWG issue 3843</a>), where <a href="operator_.html" title="cpp/utility/expected/operator*"><code>operator*</code></a> does not.</span>
</li>
<li id="cite_note-2"><span class="mw-cite-backlink"><a href="#cite_ref-2">↑</a></span> <span class="reference-text"><span class="t-c"><span class="mw-geshi cpp source-cpp"><span class="sy2">**</span>this</span></span> can trigger <a href="../../language/adl.html" title="cpp/language/adl">argument-dependent lookup</a>.</span>
</li>
</ol>
<h3><span class="editsection">[<a href="https://en.cppreference.com/mwiki/index.php?title=cpp/utility/expected/transform_error&amp;action=edit&amp;section=5" title="Edit section: See also">edit</a>]</span> <span class="mw-headline" id="See_also">See also</span></h3>
<table class="t-dsc-begin">

<tbody><tr class="t-dsc">
<td>  <div class="t-dsc-member-div"><div><a href="or_else.html" title="cpp/utility/expected/or else"> <span class="t-lines"><span>or_else</span></span></a></div></div>
</td>
<td>  returns the <code>expected</code> itself if it contains an expected value; otherwise, returns the result of the given function on the unexpected value <br> <span class="t-mark">(public member function)</span> <span class="editsection noprint plainlinks" title="Edit this template"><a rel="nofollow" class="external text" href="https://en.cppreference.com/mwiki/index.php?title=Template:cpp/utility/expected/dsc_or_else&amp;action=edit">[edit]</a></span>
</td></tr>

<tr class="t-dsc">
<td>  <div class="t-dsc-member-div"><div><a href="transform.html" title="cpp/utility/expected/transform"> <span class="t-lines"><span>transform</span></span></a></div></div>
</td>
<td>  returns an <code>expected</code> containing the transformed expected value if it exists; otherwise, returns the <code>expected</code> itself <br> <span class="t-mark">(public member function)</span> <span class="editsection noprint plainlinks" title="Edit this template"><a rel="nofollow" class="external text" href="https://en.cppreference.com/mwiki/index.php?title=Template:cpp/utility/expected/dsc_transform&amp;action=edit">[edit]</a></span>
</td></tr>
</tbody></table>

<!-- 
NewPP limit report
Preprocessor visited node count: 9343/1000000
Preprocessor generated node count: 17586/1000000
Post‐expand include size: 225875/4194304 bytes
Template argument size: 43459/4194304 bytes
Highest expansion depth: 20/40
Expensive parser function count: 0/100
-->

<!-- Saved in parser cache with key mwiki1-mwiki_en_:pcache:idhash:21787-0!*!0!!en!*!* and timestamp 20250108211019 -->
</div>                    <!-- /bodycontent -->
                                        <!-- printfooter -->
                    <div class="printfooter">
                    Retrieved from "<a href="https://en.cppreference.com/mwiki/index.php?title=cpp/utility/expected/transform_error&amp;oldid=173511">https://en.cppreference.com/mwiki/index.php?title=cpp/utility/expected/transform_error&amp;oldid=173511</a>"                    </div>
                    <!-- /printfooter -->
                                                            <!-- catlinks -->
                    <div id="catlinks" class="catlinks"><div id="mw-normal-catlinks" class="mw-normal-catlinks"><a href="https://en.cppreference.com/w/Special:Categories" title="Special:Categories">Category</a>: <ul><li><a href="https://en.cppreference.com/w/Category:Todo_no_example" title="Category:Todo no example">Todo no example</a></li></ul></div></div>                    <!-- /catlinks -->
                                                            <div class="visualClear"></div>
                    <!-- debughtml -->
                                        <!-- /debughtml -->
                </div>
                <!-- /bodyContent -->
            </div>
        </div>
        <!-- /content -->
        <!-- footer -->
        
        <!-- /footer -->
        <script>if(window.mw){
mw.loader.state({"site":"loading","user":"missing","user.groups":"ready"});
}</script>
<script src="https://en.cppreference.com/mwiki/load.php?debug=false&amp;lang=en&amp;modules=skins.cppreference2&amp;only=scripts&amp;skin=cppreference2&amp;*"></script>
<script>if(window.mw){
mw.loader.load(["mediawiki.action.view.postEdit","mediawiki.user","mediawiki.page.ready","mediawiki.searchSuggest","mediawiki.hidpi","ext.gadget.ColiruCompiler","ext.gadget.StandardRevisions","ext.gadget.MathJax"], null, true);
}</script>
<script src="https://en.cppreference.com/mwiki/load.php?debug=false&amp;lang=en&amp;modules=site&amp;only=scripts&amp;skin=cppreference2&amp;*"></script>
<!-- Served in 4.899 secs. -->
	




</body><!-- Cached 20250108211020 --><!-- Mirrored from en.cppreference.com/w/cpp/utility/expected/transform_error by HTTrack Website Copier/3.x [XR&CO'2014], Wed, 29 Jan 2025 13:18:10 GMT --></html>