<!DOCTYPE html><html lang="en" dir="ltr" class="client-nojs"><!-- Mirrored from en.cppreference.com/w/cpp/utility/expected/value by HTTrack Website Copier/3.x [XR&CO'2014], Wed, 29 Jan 2025 13:18:09 GMT --><!-- Added by HTTrack --><head><meta http-equiv="content-type" content="text/html;charset=UTF-8"><!-- /Added by HTTrack -->

<title>std::expected&lt;T,E&gt;::value</title>
<meta charset="UTF-8">
<meta name="generator" content="MediaWiki 1.21.2">







<meta name="ResourceLoaderDynamicStyles" content="">

<style>a:lang(ar),a:lang(ckb),a:lang(fa),a:lang(kk-arab),a:lang(mzn),a:lang(ps),a:lang(ur){text-decoration:none}#toc{display:none}.editsection{display:none}
/* cache key: mwiki1-mwiki_en_:resourceloader:filter:minify-css:7:472787eddcf4605d11de8c7ef047234f */</style>




<style type="text/css">/*<![CDATA[*/
.source-cpp {line-height: normal;}
.source-cpp li, .source-cpp pre {
	line-height: normal; border: 0px none white;
}
/**
 * GeSHi Dynamically Generated Stylesheet
 * --------------------------------------
 * Dynamically generated stylesheet for cpp
 * CSS class: source-cpp, CSS id: 
 * GeSHi (C) 2004 - 2007 Nigel McNie, 2007 - 2008 Benny Baumann
 * (http://qbnz.com/highlighter/ and http://geshi.org/)
 * --------------------------------------
 */
.cpp.source-cpp .de1, .cpp.source-cpp .de2 {font: normal normal 1em/1.2em monospace; margin:0; padding:0; background:none; vertical-align:top;}
.cpp.source-cpp  {font-family:monospace;}
.cpp.source-cpp .imp {font-weight: bold; color: red;}
.cpp.source-cpp li, .cpp.source-cpp .li1 {font-weight: normal; vertical-align:top;}
.cpp.source-cpp .ln {width:1px;text-align:right;margin:0;padding:0 2px;vertical-align:top;}
.cpp.source-cpp .li2 {font-weight: bold; vertical-align:top;}
.cpp.source-cpp .kw1 {color: #0000dd;}
.cpp.source-cpp .kw2 {color: #0000ff;}
.cpp.source-cpp .kw3 {color: #0000dd;}
.cpp.source-cpp .kw4 {color: #0000ff;}
.cpp.source-cpp .co1 {color: #909090;}
.cpp.source-cpp .co2 {color: #339900;}
.cpp.source-cpp .coMULTI {color: #ff0000; font-style: italic;}
.cpp.source-cpp .es0 {color: #008000; font-weight: bold;}
.cpp.source-cpp .es1 {color: #008000; font-weight: bold;}
.cpp.source-cpp .es2 {color: #008000; font-weight: bold;}
.cpp.source-cpp .es3 {color: #008000; font-weight: bold;}
.cpp.source-cpp .es4 {color: #008000; font-weight: bold;}
.cpp.source-cpp .es5 {color: #008000; font-weight: bold;}
.cpp.source-cpp .br0 {color: #008000;}
.cpp.source-cpp .sy0 {color: #008000;}
.cpp.source-cpp .sy1 {color: #000080;}
.cpp.source-cpp .sy2 {color: #000040;}
.cpp.source-cpp .sy3 {color: #000040;}
.cpp.source-cpp .sy4 {color: #008080;}
.cpp.source-cpp .st0 {color: #008000;}
.cpp.source-cpp .nu0 {color: #000080;}
.cpp.source-cpp .nu6 {color: #000080;}
.cpp.source-cpp .nu8 {color: #000080;}
.cpp.source-cpp .nu12 {color: #000080;}
.cpp.source-cpp .nu16 {color:#000080;}
.cpp.source-cpp .nu17 {color:#000080;}
.cpp.source-cpp .nu18 {color:#000080;}
.cpp.source-cpp .nu19 {color:#000080;}
.cpp.source-cpp .ln-xtra, .cpp.source-cpp li.ln-xtra, .cpp.source-cpp div.ln-xtra {background-color: #ffc;}
.cpp.source-cpp span.xtra { display:block; }

/*]]>*/
</style><!--[if lt IE 7]><style type="text/css">body{behavior:url("/mwiki/skins/cppreference2/csshover.min.htc")}</style><![endif]--></head>
<body class="mediawiki ltr sitedir-ltr ns-0 ns-subject page-cpp_utility_expected_value skin-cppreference2 action-view cpp-navbar">
        <!-- header -->
        
        <!-- /header -->
        <!-- content -->
<style type="text/css">
#carbonads {
  display: block;
  overflow: hidden;
  position: absolute;
  text-align: center;
  left: -170px;
  max-width: 150px;
  border-radius: 4px;
  border: solid 1px hsla(0, 0%, 0%, .1);
  background-color: hsl(0, 0%, 98%);
  font-size: 12px;
  font-family: -apple-system, BlinkMacSystemFont, "Segoe UI", Roboto, Oxygen-Sans, Ubuntu,
  Cantarell, "Helvetica Neue", Helvetica, Arial, sans-serif;
  line-height: 1.5;
}

#carbonads a {
  color: inherit;
  text-decoration: none;
}

#carbonads a:hover {
  color: inherit;
}

#carbonads span {
  position: relative;
  display: block;
  overflow: hidden;
}

.carbon-img {
  display: block;
  margin-bottom: 8px;
  max-width: 150px;
  line-height: 1;
}

.carbon-img img {
  display: block;
  margin: 0 auto;
  max-width: 150px !important;
  width: 150px;
  height: auto;
}

.carbon-text {
  display: block;
  padding: 0 1em 8px;
}

.carbon-poweredby {
  display: block;
  padding: 8px 12px;
  background: repeating-linear-gradient(-45deg, transparent, transparent 5px, hsla(0, 0%, 0%, .025) 5px, hsla(0, 0%, 0%, .025) 10px) hsla(203, 11%, 95%, .4);
  text-transform: uppercase;
  letter-spacing: .5px;
  font-weight: 600;
  font-size: 9px;
  line-height: 1;
}
html { font-variant-ligatures: no-common-ligatures; }
</style>
        <div id="cpp-content-base">
            <div id="content">
                <a id="top"></a>
                <div id="mw-js-message" style="display:none;"></div>
                                <!-- firstHeading -->
<script async type="text/javascript" src="http://cdn.carbonads.com/carbon.js?serve=CKYITK7M&amp;placement=cppreferencecom" id="_carbonads_js"></script>

<script async src="https://www.googletagmanager.com/gtag/js?id=G-8HW0LXMYCY"></script>
<script>
  window.dataLayer = window.dataLayer || [];
  function gtag(){dataLayer.push(arguments);}
  gtag('js', new Date());

  gtag('config', 'G-8HW0LXMYCY');
</script>
                <h1 id="firstHeading" class="firstHeading"><span style="font-size:0.7em; line-height:130%">std::expected&lt;T,E&gt;::</span>value</h1>
                <!-- /firstHeading -->
                <!-- bodyContent -->
                <div id="bodyContent">
                                        <!-- tagline -->
                    
                    <!-- /tagline -->
                                        <!-- subtitle -->
                    
                    <!-- /subtitle -->
                                                            <!-- bodycontent -->
                    <div id="mw-content-text" lang="en" dir="ltr" class="mw-content-ltr">
<table class="t-dcl-begin"><tbody>
<tr class="t-dcl-h">
<td> <div>Primary template</div></td>
<td></td>
<td></td>
</tr>
<tr class="t-dcl t-since-cxx23">
<td> <div><span class="mw-geshi cpp source-cpp"><span class="kw4">constexpr</span> T<span class="sy3">&amp;</span> value<span class="br0">(</span><span class="br0">)</span> <span class="sy3">&amp;</span><span class="sy4">;</span></span></div></td>
<td> (1) </td>
<td> <span class="t-mark-rev t-since-cxx23">(since C++23)</span> </td>
</tr>
<tr class="t-dcl t-since-cxx23">
<td> <div><span class="mw-geshi cpp source-cpp"><span class="kw4">constexpr</span> <span class="kw4">const</span> T<span class="sy3">&amp;</span> value<span class="br0">(</span><span class="br0">)</span> <span class="kw4">const</span><span class="sy3">&amp;</span><span class="sy4">;</span></span></div></td>
<td> (2) </td>
<td> <span class="t-mark-rev t-since-cxx23">(since C++23)</span> </td>
</tr>
<tr class="t-dcl t-since-cxx23">
<td> <div><span class="mw-geshi cpp source-cpp"><span class="kw4">constexpr</span> T<span class="sy3">&amp;&amp;</span> value<span class="br0">(</span><span class="br0">)</span> <span class="sy3">&amp;&amp;</span><span class="sy4">;</span></span></div></td>
<td> (3) </td>
<td> <span class="t-mark-rev t-since-cxx23">(since C++23)</span> </td>
</tr>
<tr class="t-dcl t-since-cxx23">
<td> <div><span class="mw-geshi cpp source-cpp"><span class="kw4">constexpr</span> <span class="kw4">const</span> T<span class="sy3">&amp;&amp;</span> value<span class="br0">(</span><span class="br0">)</span> <span class="kw4">const</span><span class="sy3">&amp;&amp;</span><span class="sy4">;</span></span></div></td>
<td> (4) </td>
<td> <span class="t-mark-rev t-since-cxx23">(since C++23)</span> </td>
</tr>
<tr class="t-dcl-h">
<td> <div><span class="mw-geshi cpp source-cpp"><span class="kw4">void</span></span> partial specialization</div></td>
<td></td>
<td></td>
</tr>
<tr class="t-dcl t-since-cxx23">
<td> <div><span class="mw-geshi cpp source-cpp"><span class="kw4">constexpr</span> <span class="kw4">void</span> value<span class="br0">(</span><span class="br0">)</span> <span class="kw4">const</span><span class="sy3">&amp;</span><span class="sy4">;</span></span></div></td>
<td> (5) </td>
<td> <span class="t-mark-rev t-since-cxx23">(since C++23)</span> </td>
</tr>
<tr class="t-dcl t-since-cxx23">
<td> <div><span class="mw-geshi cpp source-cpp"><span class="kw4">constexpr</span> <span class="kw4">void</span> value<span class="br0">(</span><span class="br0">)</span> <span class="sy3">&amp;&amp;</span><span class="sy4">;</span></span></div></td>
<td> (6) </td>
<td> <span class="t-mark-rev t-since-cxx23">(since C++23)</span> </td>
</tr>
<tr class="t-dcl-sep"><td></td><td></td><td></td></tr>
</tbody></table>
<p>If <span class="t-c"><span class="mw-geshi cpp source-cpp"><span class="sy2">*</span>this</span></span> contains an expected value, returns a reference to the contained value. Returns nothing for <span class="mw-geshi cpp source-cpp"><span class="kw4">void</span></span> partial specialization.
</p><p>Otherwise, throws an exception of type <span class="mw-geshi cpp source-cpp"><a href="bad_expected_access.html"><span class="kw3640">std::<span class="me2">bad_expected_access</span></span></a><span class="sy1">&lt;</span><a href="../../types/decay.html"><span class="kw634">std::<span class="me2">decay_t</span></span></a><span class="sy1">&lt;</span>E<span class="sy1">&gt;&gt;</span></span> that contains a copy of <a href="error.html" title="cpp/utility/expected/error"><code>error()</code></a>.
</p>
<div class="t-li1"><span class="t-li">1,2)</span> If <span class="t-c"><span class="mw-geshi cpp source-cpp"><a href="../../types/is_copy_constructible.html"><span class="kw540">std::<span class="me2">is_copy_constructible_v</span></span></a><span class="sy1">&lt;</span>E<span class="sy1">&gt;</span></span></span> is <span class="t-c"><span class="mw-geshi cpp source-cpp"><span class="kw2">false</span></span></span>, the program is ill-formed.</div>
<div class="t-li1"><span class="t-li">3,4)</span> If <span class="t-c"><span class="mw-geshi cpp source-cpp"><a href="../../types/is_copy_constructible.html"><span class="kw540">std::<span class="me2">is_copy_constructible_v</span></span></a><span class="sy1">&lt;</span>E<span class="sy1">&gt;</span></span></span> or <span class="t-c"><span class="mw-geshi cpp source-cpp"><a href="../../types/is_constructible.html"><span class="kw528">std::<span class="me2">is_constructible_v</span></span></a><span class="sy1">&lt;</span>E, decltype<span class="br0">(</span>std<span class="sy4">::</span><span class="me2">move</span><span class="br0">(</span>error<span class="br0">(</span><span class="br0">)</span><span class="br0">)</span><span class="br0">)</span><span class="sy1">&gt;</span></span></span> is <span class="t-c"><span class="mw-geshi cpp source-cpp"><span class="kw2">false</span></span></span>, the program is ill-formed.</div>
<div class="t-li1"><span class="t-li">5)</span> If <span class="t-c"><span class="mw-geshi cpp source-cpp"><a href="../../types/is_copy_constructible.html"><span class="kw540">std::<span class="me2">is_copy_constructible_v</span></span></a><span class="sy1">&lt;</span>E<span class="sy1">&gt;</span></span></span> is <span class="t-c"><span class="mw-geshi cpp source-cpp"><span class="kw2">false</span></span></span>, the program is ill-formed.</div>
<div class="t-li1"><span class="t-li">6)</span> If <span class="t-c"><span class="mw-geshi cpp source-cpp"><a href="../../types/is_move_constructible.html"><span class="kw546">std::<span class="me2">is_move_constructible_v</span></span></a><span class="sy1">&lt;</span>E<span class="sy1">&gt;</span></span></span> is <span class="t-c"><span class="mw-geshi cpp source-cpp"><span class="kw2">false</span></span></span>, the program is ill-formed.</div>
<table id="toc" class="toc"><tbody><tr><td><div id="toctitle"><h2>Contents</h2></div>
<ul>
<li class="toclevel-1 tocsection-1"><a href="#Return_value"><span class="tocnumber">1</span> <span class="toctext">Return value</span></a></li>
<li class="toclevel-1 tocsection-2"><a href="#Exceptions"><span class="tocnumber">2</span> <span class="toctext">Exceptions</span></a></li>
<li class="toclevel-1 tocsection-3"><a href="#Example"><span class="tocnumber">3</span> <span class="toctext">Example</span></a></li>
<li class="toclevel-1 tocsection-4"><a href="#Defect_reports"><span class="tocnumber">4</span> <span class="toctext">Defect reports</span></a></li>
<li class="toclevel-1 tocsection-5"><a href="#See_also"><span class="tocnumber">5</span> <span class="toctext">See also</span></a></li>
</ul>
</td></tr></tbody></table>
<h3><span class="editsection">[<a href="https://en.cppreference.com/mwiki/index.php?title=cpp/utility/expected/value&amp;action=edit&amp;section=1" title="Edit section: Return value">edit</a>]</span> <span class="mw-headline" id="Return_value">Return value</span></h3>
<div class="t-li1"><span class="t-li">1,2)</span> <span class="t-c"><a href="../expected.html#Data_members" title="cpp/utility/expected"><code><i>val</i></code></a></span></div>
<div class="t-li1"><span class="t-li">3,4)</span> <span class="t-c"><span class="mw-geshi cpp source-cpp">std<span class="sy4">::</span><span class="me2">move</span><span class="br0">(</span></span><code><i>val</i></code><span class="mw-geshi cpp source-cpp"><span class="br0">)</span></span></span></div>
<h3><span class="editsection">[<a href="https://en.cppreference.com/mwiki/index.php?title=cpp/utility/expected/value&amp;action=edit&amp;section=2" title="Edit section: Exceptions">edit</a>]</span> <span class="mw-headline" id="Exceptions">Exceptions</span></h3>
<div class="t-li1"><span class="t-li">1,2,5)</span> Throws <span class="t-c"><span class="mw-geshi cpp source-cpp"><a href="bad_expected_access.html"><span class="kw3640">std::<span class="me2">bad_expected_access</span></span></a><span class="br0">(</span><a href="../as_const.html"><span class="kw1129">std::<span class="me2">as_const</span></span></a><span class="br0">(</span>error<span class="br0">(</span><span class="br0">)</span><span class="br0">)</span><span class="br0">)</span></span></span> if <span class="t-c"><span class="mw-geshi cpp source-cpp"><span class="sy2">*</span>this</span></span> contains an unexpected value.</div>
<div class="t-li1"><span class="t-li">3,4,6)</span> Throws <span class="t-c"><span class="mw-geshi cpp source-cpp"><a href="bad_expected_access.html"><span class="kw3640">std::<span class="me2">bad_expected_access</span></span></a><span class="br0">(</span>std<span class="sy4">::</span><span class="me2">move</span><span class="br0">(</span>error<span class="br0">(</span><span class="br0">)</span><span class="br0">)</span><span class="br0">)</span></span></span> if <span class="t-c"><span class="mw-geshi cpp source-cpp"><span class="sy2">*</span>this</span></span> contains an unexpected value.</div>
<h3><span class="editsection">[<a href="https://en.cppreference.com/mwiki/index.php?title=cpp/utility/expected/value&amp;action=edit&amp;section=3" title="Edit section: Example">edit</a>]</span> <span class="mw-headline" id="Example">Example</span></h3>
<table class="metadata plainlinks ambox mbox-small-left ambox-notice" style=""><tbody><tr><td class="mbox-empty-cell"></td><td class="mbox-text" style="">This section is incomplete<br>Reason: no example </td></tr></tbody></table>
<h3><span class="editsection">[<a href="https://en.cppreference.com/mwiki/index.php?title=cpp/utility/expected/value&amp;action=edit&amp;section=4" title="Edit section: Defect reports">edit</a>]</span> <span class="mw-headline" id="Defect_reports">Defect reports</span></h3>
<p>The following behavior-changing defect reports were applied retroactively to previously published C++ standards.
</p>
<table class="dsctable" style="font-size:0.8em">
<tbody><tr>
<th>DR
</th>
<th>Applied to
</th>
<th>Behavior as published
</th>
<th>Correct behavior
</th></tr>
<tr>
<td><a rel="nofollow" class="external text" href="https://cplusplus.github.io/LWG/issue3940">LWG 3940</a>
</td>
<td>C++23
</td>
<td><code>E</code> was not required to be copy/move-constructible for overloads <span class="t-v">(5,6)</span>
</td>
<td>required
</td></tr></tbody></table>
<h3><span class="editsection">[<a href="https://en.cppreference.com/mwiki/index.php?title=cpp/utility/expected/value&amp;action=edit&amp;section=5" title="Edit section: See also">edit</a>]</span> <span class="mw-headline" id="See_also">See also</span></h3>
<table class="t-dsc-begin">

<tbody><tr class="t-dsc">
<td>  <div class="t-dsc-member-div"><div><a href="value_or.html" title="cpp/utility/expected/value or"> <span class="t-lines"><span>value_or</span></span></a></div></div>
</td>
<td>  returns the expected value if present, another value otherwise <br> <span class="t-mark">(public member function)</span> <span class="editsection noprint plainlinks" title="Edit this template"><a rel="nofollow" class="external text" href="https://en.cppreference.com/mwiki/index.php?title=Template:cpp/utility/expected/dsc_value_or&amp;action=edit">[edit]</a></span>
</td></tr>

<tr class="t-dsc">
<td>  <div class="t-dsc-member-div"><div><a href="operator_.html" title="cpp/utility/expected/operator*"> <span class="t-lines"><span>operator-&gt;</span><span>operator*</span></span></a></div></div>
</td>
<td>  accesses the expected value <br> <span class="t-mark">(public member function)</span> <span class="editsection noprint plainlinks" title="Edit this template"><a rel="nofollow" class="external text" href="https://en.cppreference.com/mwiki/index.php?title=Template:cpp/utility/expected/dsc_operator*&amp;action=edit">[edit]</a></span>
</td></tr>

<tr class="t-dsc">
<td>  <div class="t-dsc-member-div"><div><a href="error.html" title="cpp/utility/expected/error"> <span class="t-lines"><span>error</span></span></a></div></div>
</td>
<td>  returns the unexpected value <br> <span class="t-mark">(public member function)</span> <span class="editsection noprint plainlinks" title="Edit this template"><a rel="nofollow" class="external text" href="https://en.cppreference.com/mwiki/index.php?title=Template:cpp/utility/expected/dsc_error&amp;action=edit">[edit]</a></span>
</td></tr>

<tr class="t-dsc">
<td>  <div class="t-dsc-member-div"><div><a href="bad_expected_access.html" title="cpp/utility/expected/bad expected access"> <span class="t-lines"><span>bad_expected_access</span></span></a></div><div><span class="t-lines"><span><span class="t-mark-rev t-since-cxx23">(C++23)</span></span></span></div></div>
</td>
<td>  exception indicating checked access to an <code>expected</code> that contains an unexpected value <br> <span class="t-mark">(class template)</span> <span class="editsection noprint plainlinks" title="Edit this template"><a rel="nofollow" class="external text" href="https://en.cppreference.com/mwiki/index.php?title=Template:cpp/utility/expected/dsc_bad_expected_access&amp;action=edit">[edit]</a></span>
</td></tr>
</tbody></table>

<!-- 
NewPP limit report
Preprocessor visited node count: 8298/1000000
Preprocessor generated node count: 14979/1000000
Post‐expand include size: 225783/4194304 bytes
Template argument size: 40991/4194304 bytes
Highest expansion depth: 20/40
Expensive parser function count: 0/100
-->

<!-- Saved in parser cache with key mwiki1-mwiki_en_:pcache:idhash:21118-0!*!0!!en!*!* and timestamp 20250103120051 -->
</div>                    <!-- /bodycontent -->
                                        <!-- printfooter -->
                    <div class="printfooter">
                    Retrieved from "<a href="https://en.cppreference.com/mwiki/index.php?title=cpp/utility/expected/value&amp;oldid=173317">https://en.cppreference.com/mwiki/index.php?title=cpp/utility/expected/value&amp;oldid=173317</a>"                    </div>
                    <!-- /printfooter -->
                                                            <!-- catlinks -->
                    <div id="catlinks" class="catlinks"><div id="mw-normal-catlinks" class="mw-normal-catlinks"><a href="https://en.cppreference.com/w/Special:Categories" title="Special:Categories">Category</a>: <ul><li><a href="https://en.cppreference.com/w/Category:Todo_no_example" title="Category:Todo no example">Todo no example</a></li></ul></div></div>                    <!-- /catlinks -->
                                                            <div class="visualClear"></div>
                    <!-- debughtml -->
                                        <!-- /debughtml -->
                </div>
                <!-- /bodyContent -->
            </div>
        </div>
        <!-- /content -->
        <!-- footer -->
        
        <!-- /footer -->
        <script>if(window.mw){
mw.loader.state({"site":"loading","user":"missing","user.groups":"ready"});
}</script>
<script src="https://en.cppreference.com/mwiki/load.php?debug=false&amp;lang=en&amp;modules=skins.cppreference2&amp;only=scripts&amp;skin=cppreference2&amp;*"></script>
<script>if(window.mw){
mw.loader.load(["mediawiki.action.view.postEdit","mediawiki.user","mediawiki.page.ready","mediawiki.searchSuggest","mediawiki.hidpi","ext.gadget.ColiruCompiler","ext.gadget.StandardRevisions","ext.gadget.MathJax"], null, true);
}</script>
<script src="https://en.cppreference.com/mwiki/load.php?debug=false&amp;lang=en&amp;modules=site&amp;only=scripts&amp;skin=cppreference2&amp;*"></script>
<!-- Served in 2.546 secs. -->
	




</body><!-- Cached 20250103120051 --><!-- Mirrored from en.cppreference.com/w/cpp/utility/expected/value by HTTrack Website Copier/3.x [XR&CO'2014], Wed, 29 Jan 2025 13:18:09 GMT --></html>